../Core/Src/LinearAlgebra/../qpOASES/Header/qpOASES_e/MessageHandling.h:448:32:MessageHandling_getErrorVisibilityStatus	16	static
../Core/Src/LinearAlgebra/../qpOASES/Header/qpOASES_e/MessageHandling.h:457:32:MessageHandling_getWarningVisibilityStatus	16	static
../Core/Src/LinearAlgebra/../qpOASES/Header/qpOASES_e/MessageHandling.h:466:32:MessageHandling_getInfoVisibilityStatus	16	static
../Core/Src/LinearAlgebra/../qpOASES/Header/qpOASES_e/MessageHandling.h:475:21:MessageHandling_getOutputFile	16	static
../Core/Src/LinearAlgebra/../qpOASES/Header/qpOASES_e/MessageHandling.h:484:19:MessageHandling_getErrorCount	16	static
../Core/Src/LinearAlgebra/../qpOASES/Header/qpOASES_e/MessageHandling.h:493:20:MessageHandling_setErrorVisibilityStatus	16	static
../Core/Src/LinearAlgebra/../qpOASES/Header/qpOASES_e/MessageHandling.h:502:20:MessageHandling_setWarningVisibilityStatus	16	static
../Core/Src/LinearAlgebra/../qpOASES/Header/qpOASES_e/MessageHandling.h:511:20:MessageHandling_setInfoVisibilityStatus	16	static
../Core/Src/LinearAlgebra/../qpOASES/Header/qpOASES_e/MessageHandling.h:520:20:MessageHandling_setOutputFile	16	static
../Core/Src/LinearAlgebra/../qpOASES/Header/qpOASES_e/MessageHandling.h:529:27:MessageHandling_setErrorCount	16	static
../Core/Src/LinearAlgebra/../qpOASES/Header/qpOASES_e/Utils.h:371:27:qpOASES_isEqual	32	static
../Core/Src/LinearAlgebra/../qpOASES/Header/qpOASES_e/Utils.h:386:27:qpOASES_isZero	24	static
../Core/Src/LinearAlgebra/../qpOASES/Header/qpOASES_e/Utils.h:400:22:qpOASES_getSign	16	static
../Core/Src/LinearAlgebra/../qpOASES/Header/qpOASES_e/Utils.h:414:19:qpOASES_getMaxI	16	static
../Core/Src/LinearAlgebra/../qpOASES/Header/qpOASES_e/Utils.h:425:19:qpOASES_getMinI	16	static
../Core/Src/LinearAlgebra/../qpOASES/Header/qpOASES_e/Utils.h:436:22:qpOASES_getMax	24	static
../Core/Src/LinearAlgebra/../qpOASES/Header/qpOASES_e/Utils.h:452:22:qpOASES_getMin	24	static
../Core/Src/LinearAlgebra/../qpOASES/Header/qpOASES_e/Utils.h:468:22:qpOASES_getAbs	16	static
../Core/Src/LinearAlgebra/../qpOASES/Header/qpOASES_e/Utils.h:481:22:qpOASES_getSqrt	16	static
../Core/Src/LinearAlgebra/../qpOASES/Header/qpOASES_e/Indexlist.h:170:19:Indexlist_getNumber	16	static
../Core/Src/LinearAlgebra/../qpOASES/Header/qpOASES_e/Indexlist.h:183:19:Indexlist_getLength	16	static
../Core/Src/LinearAlgebra/../qpOASES/Header/qpOASES_e/Indexlist.h:192:19:Indexlist_getLastNumber	16	static
../Core/Src/LinearAlgebra/../qpOASES/Header/qpOASES_e/Indexlist.h:201:27:Indexlist_isMember	16	static
../Core/Src/LinearAlgebra/../qpOASES/Header/qpOASES_e/Bounds.h:344:19:Bounds_getNumberOfType	24	static
../Core/Src/LinearAlgebra/../qpOASES/Header/qpOASES_e/Bounds.h:363:29:Bounds_getType	16	static
../Core/Src/LinearAlgebra/../qpOASES/Header/qpOASES_e/Bounds.h:375:31:Bounds_getStatus	16	static
../Core/Src/LinearAlgebra/../qpOASES/Header/qpOASES_e/Bounds.h:387:27:Bounds_setType	40	static
../Core/Src/LinearAlgebra/../qpOASES/Header/qpOASES_e/Bounds.h:402:27:Bounds_setStatus	40	static
../Core/Src/LinearAlgebra/../qpOASES/Header/qpOASES_e/Bounds.h:417:20:Bounds_setNoLower	16	static
../Core/Src/LinearAlgebra/../qpOASES/Header/qpOASES_e/Bounds.h:426:20:Bounds_setNoUpper	16	static
../Core/Src/LinearAlgebra/../qpOASES/Header/qpOASES_e/Bounds.h:435:27:Bounds_hasNoLower	16	static
../Core/Src/LinearAlgebra/../qpOASES/Header/qpOASES_e/Bounds.h:444:27:Bounds_hasNoUpper	16	static
../Core/Src/LinearAlgebra/../qpOASES/Header/qpOASES_e/Bounds.h:454:19:Bounds_getNV	16	static
../Core/Src/LinearAlgebra/../qpOASES/Header/qpOASES_e/Bounds.h:463:19:Bounds_getNFV	16	static
../Core/Src/LinearAlgebra/../qpOASES/Header/qpOASES_e/Bounds.h:472:19:Bounds_getNBV	16	static
../Core/Src/LinearAlgebra/../qpOASES/Header/qpOASES_e/Bounds.h:481:19:Bounds_getNUV	16	static
../Core/Src/LinearAlgebra/../qpOASES/Header/qpOASES_e/Bounds.h:490:19:Bounds_getNFR	16	static
../Core/Src/LinearAlgebra/../qpOASES/Header/qpOASES_e/Bounds.h:499:19:Bounds_getNFX	16	static
../Core/Src/LinearAlgebra/../qpOASES/Header/qpOASES_e/Bounds.h:508:26:Bounds_getFree	16	static
../Core/Src/LinearAlgebra/../qpOASES/Header/qpOASES_e/Bounds.h:517:26:Bounds_getFixed	16	static
../Core/Src/LinearAlgebra/../qpOASES/Header/qpOASES_e/Matrices.h:264:23:DenseMatrix_getVal	16	static
../Core/Src/LinearAlgebra/../qpOASES/Header/qpOASES_e/Constraints.h:334:19:Constraints_getNumberOfType	24	static
../Core/Src/LinearAlgebra/../qpOASES/Header/qpOASES_e/Constraints.h:353:29:Constraints_getType	16	static
../Core/Src/LinearAlgebra/../qpOASES/Header/qpOASES_e/Constraints.h:365:31:Constraints_getStatus	16	static
../Core/Src/LinearAlgebra/../qpOASES/Header/qpOASES_e/Constraints.h:377:27:Constraints_setType	40	static
../Core/Src/LinearAlgebra/../qpOASES/Header/qpOASES_e/Constraints.h:392:27:Constraints_setStatus	40	static
../Core/Src/LinearAlgebra/../qpOASES/Header/qpOASES_e/Constraints.h:407:20:Constraints_setNoLower	16	static
../Core/Src/LinearAlgebra/../qpOASES/Header/qpOASES_e/Constraints.h:416:20:Constraints_setNoUpper	16	static
../Core/Src/LinearAlgebra/../qpOASES/Header/qpOASES_e/Constraints.h:425:27:Constraints_hasNoLower	16	static
../Core/Src/LinearAlgebra/../qpOASES/Header/qpOASES_e/Constraints.h:434:27:Constraints_hasNoUpper	16	static
../Core/Src/LinearAlgebra/../qpOASES/Header/qpOASES_e/Constraints.h:444:19:Constraints_getNC	16	static
../Core/Src/LinearAlgebra/../qpOASES/Header/qpOASES_e/Constraints.h:453:19:Constraints_getNEC	16	static
../Core/Src/LinearAlgebra/../qpOASES/Header/qpOASES_e/Constraints.h:462:19:Constraints_getNIC	16	static
../Core/Src/LinearAlgebra/../qpOASES/Header/qpOASES_e/Constraints.h:471:19:Constraints_getNUC	16	static
../Core/Src/LinearAlgebra/../qpOASES/Header/qpOASES_e/Constraints.h:480:19:Constraints_getNAC	16	static
../Core/Src/LinearAlgebra/../qpOASES/Header/qpOASES_e/Constraints.h:489:19:Constraints_getNIAC	16	static
../Core/Src/LinearAlgebra/../qpOASES/Header/qpOASES_e/Constraints.h:499:26:Constraints_getActive	16	static
../Core/Src/LinearAlgebra/../qpOASES/Header/qpOASES_e/Constraints.h:508:26:Constraints_getInactive	16	static
../Core/Src/LinearAlgebra/../qpOASES/Header/qpOASES_e/QProblemB.h:1156:27:QProblemB_getBounds	40	static
../Core/Src/LinearAlgebra/../qpOASES/Header/qpOASES_e/QProblemB.h:1172:19:QProblemB_getNV	16	static
../Core/Src/LinearAlgebra/../qpOASES/Header/qpOASES_e/QProblemB.h:1181:19:QProblemB_getNFR	16	static
../Core/Src/LinearAlgebra/../qpOASES/Header/qpOASES_e/QProblemB.h:1190:19:QProblemB_getNFX	16	static
../Core/Src/LinearAlgebra/../qpOASES/Header/qpOASES_e/QProblemB.h:1199:19:QProblemB_getNFV	16	static
../Core/Src/LinearAlgebra/../qpOASES/Header/qpOASES_e/QProblemB.h:1208:30:QProblemB_getStatus	16	static
../Core/Src/LinearAlgebra/../qpOASES/Header/qpOASES_e/QProblemB.h:1217:27:QProblemB_isInitialised	16	static
../Core/Src/LinearAlgebra/../qpOASES/Header/qpOASES_e/QProblemB.h:1229:27:QProblemB_isSolved	16	static
../Core/Src/LinearAlgebra/../qpOASES/Header/qpOASES_e/QProblemB.h:1241:27:QProblemB_isInfeasible	16	static
../Core/Src/LinearAlgebra/../qpOASES/Header/qpOASES_e/QProblemB.h:1250:27:QProblemB_isUnbounded	16	static
../Core/Src/LinearAlgebra/../qpOASES/Header/qpOASES_e/QProblemB.h:1259:27:QProblemB_getHessianType	16	static
../Core/Src/LinearAlgebra/../qpOASES/Header/qpOASES_e/QProblemB.h:1268:27:QProblemB_setHessianType	16	static
../Core/Src/LinearAlgebra/../qpOASES/Header/qpOASES_e/QProblemB.h:1278:27:QProblemB_usingRegularisation	16	static
../Core/Src/LinearAlgebra/../qpOASES/Header/qpOASES_e/QProblemB.h:1290:23:QProblemB_getOptions	16	static
../Core/Src/LinearAlgebra/../qpOASES/Header/qpOASES_e/QProblemB.h:1299:27:QProblemB_setOptions	16	static
../Core/Src/LinearAlgebra/../qpOASES/Header/qpOASES_e/QProblemB.h:1315:26:QProblemB_getPrintLevel	16	static
../Core/Src/LinearAlgebra/../qpOASES/Header/qpOASES_e/QProblemB.h:1325:28:QProblemB_getCount	16	static
../Core/Src/LinearAlgebra/../qpOASES/Header/qpOASES_e/QProblemB.h:1334:27:QProblemB_resetCounter	16	static
../Core/Src/LinearAlgebra/../qpOASES/Header/qpOASES_e/QProblemB.h:1350:27:QProblemB_setHM	16	static
../Core/Src/LinearAlgebra/../qpOASES/Header/qpOASES_e/QProblemB.h:1362:27:QProblemB_setH	40	static
../Core/Src/LinearAlgebra/../qpOASES/Header/qpOASES_e/QProblemB.h:1387:27:QProblemB_setG	40	static
../Core/Src/LinearAlgebra/../qpOASES/Header/qpOASES_e/QProblemB.h:1406:27:QProblemB_setLB	48	static
../Core/Src/LinearAlgebra/../qpOASES/Header/qpOASES_e/QProblemB.h:1432:27:QProblemB_setLBn	48	static
../Core/Src/LinearAlgebra/../qpOASES/Header/qpOASES_e/QProblemB.h:1454:27:QProblemB_setUB	40	static
../Core/Src/LinearAlgebra/../qpOASES/Header/qpOASES_e/QProblemB.h:1480:27:QProblemB_setUBn	48	static
../Core/Src/LinearAlgebra/../qpOASES/Header/qpOASES_e/QProblemB.h:1503:20:QProblemB_computeGivens	104	static
../Core/Src/LinearAlgebra/../qpOASES/Header/qpOASES_e/QProblemB.h:1541:20:QProblemB_applyGivens	72	static
../Core/Src/LinearAlgebra/../qpOASES/Header/qpOASES_e/QProblemB.h:1568:27:QProblemB_isBlocking	48	static
../Core/Src/LinearAlgebra/../qpOASES/Header/qpOASES_e/QProblem.h:1675:27:QProblem_getBounds	40	static
../Core/Src/LinearAlgebra/../qpOASES/Header/qpOASES_e/QProblem.h:1691:19:QProblem_getNV	16	static
../Core/Src/LinearAlgebra/../qpOASES/Header/qpOASES_e/QProblem.h:1700:19:QProblem_getNFR	16	static
../Core/Src/LinearAlgebra/../qpOASES/Header/qpOASES_e/QProblem.h:1709:19:QProblem_getNFX	16	static
../Core/Src/LinearAlgebra/../qpOASES/Header/qpOASES_e/QProblem.h:1718:19:QProblem_getNFV	16	static
../Core/Src/LinearAlgebra/../qpOASES/Header/qpOASES_e/QProblem.h:1727:30:QProblem_getStatus	16	static
../Core/Src/LinearAlgebra/../qpOASES/Header/qpOASES_e/QProblem.h:1736:27:QProblem_isInitialised	16	static
../Core/Src/LinearAlgebra/../qpOASES/Header/qpOASES_e/QProblem.h:1748:27:QProblem_isSolved	16	static
../Core/Src/LinearAlgebra/../qpOASES/Header/qpOASES_e/QProblem.h:1760:27:QProblem_isInfeasible	16	static
../Core/Src/LinearAlgebra/../qpOASES/Header/qpOASES_e/QProblem.h:1769:27:QProblem_isUnbounded	16	static
../Core/Src/LinearAlgebra/../qpOASES/Header/qpOASES_e/QProblem.h:1778:27:QProblem_getHessianType	16	static
../Core/Src/LinearAlgebra/../qpOASES/Header/qpOASES_e/QProblem.h:1787:27:QProblem_setHessianType	16	static
../Core/Src/LinearAlgebra/../qpOASES/Header/qpOASES_e/QProblem.h:1797:27:QProblem_usingRegularisation	16	static
../Core/Src/LinearAlgebra/../qpOASES/Header/qpOASES_e/QProblem.h:1809:23:QProblem_getOptions	16	static
../Core/Src/LinearAlgebra/../qpOASES/Header/qpOASES_e/QProblem.h:1818:27:QProblem_setOptions	16	static
../Core/Src/LinearAlgebra/../qpOASES/Header/qpOASES_e/QProblem.h:1834:26:QProblem_getPrintLevel	16	static
../Core/Src/LinearAlgebra/../qpOASES/Header/qpOASES_e/QProblem.h:1843:28:QProblem_getCount	16	static
../Core/Src/LinearAlgebra/../qpOASES/Header/qpOASES_e/QProblem.h:1852:27:QProblem_resetCounter	16	static
../Core/Src/LinearAlgebra/../qpOASES/Header/qpOASES_e/QProblem.h:1868:27:QProblem_setHM	16	static
../Core/Src/LinearAlgebra/../qpOASES/Header/qpOASES_e/QProblem.h:1880:27:QProblem_setH	40	static
../Core/Src/LinearAlgebra/../qpOASES/Header/qpOASES_e/QProblem.h:1905:27:QProblem_setG	40	static
../Core/Src/LinearAlgebra/../qpOASES/Header/qpOASES_e/QProblem.h:1924:27:QProblem_setLB	48	static
../Core/Src/LinearAlgebra/../qpOASES/Header/qpOASES_e/QProblem.h:1950:27:QProblem_setLBn	48	static
../Core/Src/LinearAlgebra/../qpOASES/Header/qpOASES_e/QProblem.h:1972:27:QProblem_setUB	40	static
../Core/Src/LinearAlgebra/../qpOASES/Header/qpOASES_e/QProblem.h:1998:27:QProblem_setUBn	48	static
../Core/Src/LinearAlgebra/../qpOASES/Header/qpOASES_e/QProblem.h:2022:27:QProblem_isBlocking	48	static
../Core/Src/LinearAlgebra/../qpOASES/Header/qpOASES_e/QProblem.h:2044:27:QProblem_getConstraints	40	static
../Core/Src/LinearAlgebra/../qpOASES/Header/qpOASES_e/QProblem.h:2061:19:QProblem_getNC	16	static
../Core/Src/LinearAlgebra/../qpOASES/Header/qpOASES_e/QProblem.h:2070:19:QProblem_getNEC	16	static
../Core/Src/LinearAlgebra/../qpOASES/Header/qpOASES_e/QProblem.h:2079:19:QProblem_getNAC	16	static
../Core/Src/LinearAlgebra/../qpOASES/Header/qpOASES_e/QProblem.h:2088:19:QProblem_getNIAC	16	static
../Core/Src/LinearAlgebra/../qpOASES/Header/qpOASES_e/QProblem.h:2103:27:QProblem_setAM	16	static
../Core/Src/LinearAlgebra/../qpOASES/Header/qpOASES_e/QProblem.h:2115:27:QProblem_setA	64	static
../Core/Src/LinearAlgebra/../qpOASES/Header/qpOASES_e/QProblem.h:2148:27:QProblem_setLBA	56	static
../Core/Src/LinearAlgebra/../qpOASES/Header/qpOASES_e/QProblem.h:2175:27:QProblem_setLBAn	48	static
../Core/Src/LinearAlgebra/../qpOASES/Header/qpOASES_e/QProblem.h:2196:27:QProblem_setUBA	48	static
../Core/Src/LinearAlgebra/../qpOASES/Header/qpOASES_e/QProblem.h:2223:27:QProblem_setUBAn	48	static
../Core/Src/LinearAlgebra/linsolve.c:14:6:linsolve	144	dynamic
