../Core/Src/Lapack/F2c/iio.c:13:1:z_getc	8	static
../Core/Src/Lapack/F2c/iio.c:26:1:z_putc	16	static
../Core/Src/Lapack/F2c/iio.c:34:1:z_rnew	4	static
../Core/Src/Lapack/F2c/iio.c:44:1:z_endp	8	static
../Core/Src/Lapack/F2c/iio.c:54:1:c_si	16	static
../Core/Src/Lapack/F2c/iio.c:77:1:iw_rev	8	static
../Core/Src/Lapack/F2c/iio.c:88:9:s_rsfi	24	static
../Core/Src/Lapack/F2c/iio.c:103:1:z_wnew	4	static
../Core/Src/Lapack/F2c/iio.c:120:9:s_wsfi	24	static
../Core/Src/Lapack/F2c/iio.c:133:9:e_rsfi	16	static
../Core/Src/Lapack/F2c/iio.c:138:9:e_wsfi	16	static
