../Core/Src/Lapack/F2c/lread.c:84:1:t_getc	16	static
../Core/Src/Lapack/F2c/lread.c:92:9:e_rsle	16	static
../Core/Src/Lapack/F2c/lread.c:117:1:l_R	104	static
../Core/Src/Lapack/F2c/lread.c:268:1:rd_count	8	static
../Core/Src/Lapack/F2c/lread.c:281:1:l_C	24	static
../Core/Src/Lapack/F2c/lread.c:353:1:nmL_getc	16	static
../Core/Src/Lapack/F2c/lread.c:367:1:nmL_ungetc	16	static
../Core/Src/Lapack/F2c/lread.c:378:1:Lfinish	32	static
../Core/Src/Lapack/F2c/lread.c:426:1:l_L	24	static
../Core/Src/Lapack/F2c/lread.c:485:1:l_CHAR	32	static
../Core/Src/Lapack/F2c/lread.c:629:1:c_le	16	static
../Core/Src/Lapack/F2c/lread.c:651:1:l_read	56	static
../Core/Src/Lapack/F2c/lread.c:782:9:s_rsle	32	static
