../Core/Src/qpOASES/Source/../../qpOASES/Header/qpOASES_e/MessageHandling.h:448:32:MessageHandling_getErrorVisibilityStatus	16	static
../Core/Src/qpOASES/Source/../../qpOASES/Header/qpOASES_e/MessageHandling.h:457:32:MessageHandling_getWarningVisibilityStatus	16	static
../Core/Src/qpOASES/Source/../../qpOASES/Header/qpOASES_e/MessageHandling.h:466:32:MessageHandling_getInfoVisibilityStatus	16	static
../Core/Src/qpOASES/Source/../../qpOASES/Header/qpOASES_e/MessageHandling.h:475:21:MessageHandling_getOutputFile	16	static
../Core/Src/qpOASES/Source/../../qpOASES/Header/qpOASES_e/MessageHandling.h:484:19:MessageHandling_getErrorCount	16	static
../Core/Src/qpOASES/Source/../../qpOASES/Header/qpOASES_e/MessageHandling.h:493:20:MessageHandling_setErrorVisibilityStatus	16	static
../Core/Src/qpOASES/Source/../../qpOASES/Header/qpOASES_e/MessageHandling.h:502:20:MessageHandling_setWarningVisibilityStatus	16	static
../Core/Src/qpOASES/Source/../../qpOASES/Header/qpOASES_e/MessageHandling.h:511:20:MessageHandling_setInfoVisibilityStatus	16	static
../Core/Src/qpOASES/Source/../../qpOASES/Header/qpOASES_e/MessageHandling.h:520:20:MessageHandling_setOutputFile	16	static
../Core/Src/qpOASES/Source/../../qpOASES/Header/qpOASES_e/MessageHandling.h:529:27:MessageHandling_setErrorCount	16	static
../Core/Src/qpOASES/Source/../../qpOASES/Header/qpOASES_e/Utils.h:371:27:qpOASES_isEqual	32	static
../Core/Src/qpOASES/Source/../../qpOASES/Header/qpOASES_e/Utils.h:386:27:qpOASES_isZero	24	static
../Core/Src/qpOASES/Source/../../qpOASES/Header/qpOASES_e/Utils.h:400:22:qpOASES_getSign	16	static
../Core/Src/qpOASES/Source/../../qpOASES/Header/qpOASES_e/Utils.h:414:19:qpOASES_getMaxI	16	static
../Core/Src/qpOASES/Source/../../qpOASES/Header/qpOASES_e/Utils.h:425:19:qpOASES_getMinI	16	static
../Core/Src/qpOASES/Source/../../qpOASES/Header/qpOASES_e/Utils.h:436:22:qpOASES_getMax	24	static
../Core/Src/qpOASES/Source/../../qpOASES/Header/qpOASES_e/Utils.h:452:22:qpOASES_getMin	24	static
../Core/Src/qpOASES/Source/../../qpOASES/Header/qpOASES_e/Utils.h:468:22:qpOASES_getAbs	16	static
../Core/Src/qpOASES/Source/../../qpOASES/Header/qpOASES_e/Utils.h:481:22:qpOASES_getSqrt	16	static
../Core/Src/qpOASES/Source/../../qpOASES/Header/qpOASES_e/Indexlist.h:170:19:Indexlist_getNumber	16	static
../Core/Src/qpOASES/Source/../../qpOASES/Header/qpOASES_e/Indexlist.h:183:19:Indexlist_getLength	16	static
../Core/Src/qpOASES/Source/../../qpOASES/Header/qpOASES_e/Indexlist.h:192:19:Indexlist_getLastNumber	16	static
../Core/Src/qpOASES/Source/../../qpOASES/Header/qpOASES_e/Indexlist.h:201:27:Indexlist_isMember	16	static
../Core/Src/qpOASES/Source/../../qpOASES/Header/qpOASES_e/Bounds.h:344:19:Bounds_getNumberOfType	24	static
../Core/Src/qpOASES/Source/../../qpOASES/Header/qpOASES_e/Bounds.h:363:29:Bounds_getType	16	static
../Core/Src/qpOASES/Source/../../qpOASES/Header/qpOASES_e/Bounds.h:375:31:Bounds_getStatus	16	static
../Core/Src/qpOASES/Source/../../qpOASES/Header/qpOASES_e/Bounds.h:387:27:Bounds_setType	40	static
../Core/Src/qpOASES/Source/../../qpOASES/Header/qpOASES_e/Bounds.h:402:27:Bounds_setStatus	40	static
../Core/Src/qpOASES/Source/../../qpOASES/Header/qpOASES_e/Bounds.h:417:20:Bounds_setNoLower	16	static
../Core/Src/qpOASES/Source/../../qpOASES/Header/qpOASES_e/Bounds.h:426:20:Bounds_setNoUpper	16	static
../Core/Src/qpOASES/Source/../../qpOASES/Header/qpOASES_e/Bounds.h:435:27:Bounds_hasNoLower	16	static
../Core/Src/qpOASES/Source/../../qpOASES/Header/qpOASES_e/Bounds.h:444:27:Bounds_hasNoUpper	16	static
../Core/Src/qpOASES/Source/../../qpOASES/Header/qpOASES_e/Bounds.h:454:19:Bounds_getNV	16	static
../Core/Src/qpOASES/Source/../../qpOASES/Header/qpOASES_e/Bounds.h:463:19:Bounds_getNFV	16	static
../Core/Src/qpOASES/Source/../../qpOASES/Header/qpOASES_e/Bounds.h:472:19:Bounds_getNBV	16	static
../Core/Src/qpOASES/Source/../../qpOASES/Header/qpOASES_e/Bounds.h:481:19:Bounds_getNUV	16	static
../Core/Src/qpOASES/Source/../../qpOASES/Header/qpOASES_e/Bounds.h:490:19:Bounds_getNFR	16	static
../Core/Src/qpOASES/Source/../../qpOASES/Header/qpOASES_e/Bounds.h:499:19:Bounds_getNFX	16	static
../Core/Src/qpOASES/Source/../../qpOASES/Header/qpOASES_e/Bounds.h:508:26:Bounds_getFree	16	static
../Core/Src/qpOASES/Source/../../qpOASES/Header/qpOASES_e/Bounds.h:517:26:Bounds_getFixed	16	static
../Core/Src/qpOASES/Source/../../qpOASES/Header/qpOASES_e/Constraints.h:334:19:Constraints_getNumberOfType	24	static
../Core/Src/qpOASES/Source/../../qpOASES/Header/qpOASES_e/Constraints.h:353:29:Constraints_getType	16	static
../Core/Src/qpOASES/Source/../../qpOASES/Header/qpOASES_e/Constraints.h:365:31:Constraints_getStatus	16	static
../Core/Src/qpOASES/Source/../../qpOASES/Header/qpOASES_e/Constraints.h:377:27:Constraints_setType	40	static
../Core/Src/qpOASES/Source/../../qpOASES/Header/qpOASES_e/Constraints.h:392:27:Constraints_setStatus	40	static
../Core/Src/qpOASES/Source/../../qpOASES/Header/qpOASES_e/Constraints.h:407:20:Constraints_setNoLower	16	static
../Core/Src/qpOASES/Source/../../qpOASES/Header/qpOASES_e/Constraints.h:416:20:Constraints_setNoUpper	16	static
../Core/Src/qpOASES/Source/../../qpOASES/Header/qpOASES_e/Constraints.h:425:27:Constraints_hasNoLower	16	static
../Core/Src/qpOASES/Source/../../qpOASES/Header/qpOASES_e/Constraints.h:434:27:Constraints_hasNoUpper	16	static
../Core/Src/qpOASES/Source/../../qpOASES/Header/qpOASES_e/Constraints.h:444:19:Constraints_getNC	16	static
../Core/Src/qpOASES/Source/../../qpOASES/Header/qpOASES_e/Constraints.h:453:19:Constraints_getNEC	16	static
../Core/Src/qpOASES/Source/../../qpOASES/Header/qpOASES_e/Constraints.h:462:19:Constraints_getNIC	16	static
../Core/Src/qpOASES/Source/../../qpOASES/Header/qpOASES_e/Constraints.h:471:19:Constraints_getNUC	16	static
../Core/Src/qpOASES/Source/../../qpOASES/Header/qpOASES_e/Constraints.h:480:19:Constraints_getNAC	16	static
../Core/Src/qpOASES/Source/../../qpOASES/Header/qpOASES_e/Constraints.h:489:19:Constraints_getNIAC	16	static
../Core/Src/qpOASES/Source/../../qpOASES/Header/qpOASES_e/Constraints.h:499:26:Constraints_getActive	16	static
../Core/Src/qpOASES/Source/../../qpOASES/Header/qpOASES_e/Constraints.h:508:26:Constraints_getInactive	16	static
../Core/Src/qpOASES/Source/Flipper.c:50:6:FlipperCON	24	static
../Core/Src/qpOASES/Source/Flipper.c:62:6:FlipperCPY	32	static
../Core/Src/qpOASES/Source/Flipper.c:73:13:Flipper_init	24	static
../Core/Src/qpOASES/Source/Flipper.c:89:13:Flipper_get	24	static
../Core/Src/qpOASES/Source/Flipper.c:119:13:Flipper_set	24	static
../Core/Src/qpOASES/Source/Flipper.c:152:14:Flipper_getDimT	16	static
