../Core/Src/qpOASES/Source/../../qpOASES/Header/qpOASES_e/MessageHandling.h:448:32:MessageHandling_getErrorVisibilityStatus	16	static
../Core/Src/qpOASES/Source/../../qpOASES/Header/qpOASES_e/MessageHandling.h:457:32:MessageHandling_getWarningVisibilityStatus	16	static
../Core/Src/qpOASES/Source/../../qpOASES/Header/qpOASES_e/MessageHandling.h:466:32:MessageHandling_getInfoVisibilityStatus	16	static
../Core/Src/qpOASES/Source/../../qpOASES/Header/qpOASES_e/MessageHandling.h:475:21:MessageHandling_getOutputFile	16	static
../Core/Src/qpOASES/Source/../../qpOASES/Header/qpOASES_e/MessageHandling.h:484:19:MessageHandling_getErrorCount	16	static
../Core/Src/qpOASES/Source/../../qpOASES/Header/qpOASES_e/MessageHandling.h:493:20:MessageHandling_setErrorVisibilityStatus	16	static
../Core/Src/qpOASES/Source/../../qpOASES/Header/qpOASES_e/MessageHandling.h:502:20:MessageHandling_setWarningVisibilityStatus	16	static
../Core/Src/qpOASES/Source/../../qpOASES/Header/qpOASES_e/MessageHandling.h:511:20:MessageHandling_setInfoVisibilityStatus	16	static
../Core/Src/qpOASES/Source/../../qpOASES/Header/qpOASES_e/MessageHandling.h:520:20:MessageHandling_setOutputFile	16	static
../Core/Src/qpOASES/Source/../../qpOASES/Header/qpOASES_e/MessageHandling.h:529:27:MessageHandling_setErrorCount	16	static
../Core/Src/qpOASES/Source/../../qpOASES/Header/qpOASES_e/Utils.h:371:27:qpOASES_isEqual	32	static
../Core/Src/qpOASES/Source/../../qpOASES/Header/qpOASES_e/Utils.h:386:27:qpOASES_isZero	24	static
../Core/Src/qpOASES/Source/../../qpOASES/Header/qpOASES_e/Utils.h:400:22:qpOASES_getSign	16	static
../Core/Src/qpOASES/Source/../../qpOASES/Header/qpOASES_e/Utils.h:414:19:qpOASES_getMaxI	16	static
../Core/Src/qpOASES/Source/../../qpOASES/Header/qpOASES_e/Utils.h:425:19:qpOASES_getMinI	16	static
../Core/Src/qpOASES/Source/../../qpOASES/Header/qpOASES_e/Utils.h:436:22:qpOASES_getMax	24	static
../Core/Src/qpOASES/Source/../../qpOASES/Header/qpOASES_e/Utils.h:452:22:qpOASES_getMin	24	static
../Core/Src/qpOASES/Source/../../qpOASES/Header/qpOASES_e/Utils.h:468:22:qpOASES_getAbs	16	static
../Core/Src/qpOASES/Source/../../qpOASES/Header/qpOASES_e/Utils.h:481:22:qpOASES_getSqrt	16	static
../Core/Src/qpOASES/Source/../../qpOASES/Header/qpOASES_e/Indexlist.h:170:19:Indexlist_getNumber	16	static
../Core/Src/qpOASES/Source/../../qpOASES/Header/qpOASES_e/Indexlist.h:183:19:Indexlist_getLength	16	static
../Core/Src/qpOASES/Source/../../qpOASES/Header/qpOASES_e/Indexlist.h:192:19:Indexlist_getLastNumber	16	static
../Core/Src/qpOASES/Source/../../qpOASES/Header/qpOASES_e/Indexlist.h:201:27:Indexlist_isMember	16	static
../Core/Src/qpOASES/Source/../../qpOASES/Header/qpOASES_e/Matrices.h:264:23:DenseMatrix_getVal	16	static
../Core/Src/qpOASES/Source/Matrices.c:47:6:DenseMatrixCON	32	static
../Core/Src/qpOASES/Source/Matrices.c:58:6:DenseMatrixCPY	24	static
../Core/Src/qpOASES/Source/Matrices.c:75:6:DenseMatrix_free	16	static
../Core/Src/qpOASES/Source/Matrices.c:80:13:DenseMatrix_init	32	static
../Core/Src/qpOASES/Source/Matrices.c:108:8:DenseMatrix_diag	16	static
../Core/Src/qpOASES/Source/Matrices.c:119:13:DenseMatrix_isDiag	40	static
../Core/Src/qpOASES/Source/Matrices.c:135:8:DenseMatrix_getNorm	16	static
../Core/Src/qpOASES/Source/Matrices.c:141:8:DenseMatrix_getRowNorm	24	static
../Core/Src/qpOASES/Source/Matrices.c:147:13:DenseMatrix_getRow	56	static
../Core/Src/qpOASES/Source/Matrices.c:178:13:DenseMatrix_getCol	48	static
../Core/Src/qpOASES/Source/Matrices.c:196:13:DenseMatrix_times	104	static
../Core/Src/qpOASES/Source/Matrices.c:213:13:DenseMatrix_transTimes	104	static
../Core/Src/qpOASES/Source/Matrices.c:230:13:DenseMatrix_subTimes	96	static
../Core/Src/qpOASES/Source/Matrices.c:416:13:DenseMatrix_subTransTimes	80	static
../Core/Src/qpOASES/Source/Matrices.c:474:13:DenseMatrix_addToDiag	40	static
../Core/Src/qpOASES/Source/Matrices.c:484:13:DenseMatrix_print	16	static
../Core/Src/qpOASES/Source/Matrices.c:490:13:DenseMatrix_bilinear	80	static
../Core/Src/qpOASES/Source/Matrices.c:531:6:dgemm_	56	static
../Core/Src/qpOASES/Source/Matrices.c:586:6:sgemm_	40	static
../Core/Src/qpOASES/Source/Matrices.c:643:6:dpotrf_	64	static
../Core/Src/qpOASES/Source/Matrices.c:685:6:spotrf_	56	static
