../Core/Src/qpOASES/Source/../../qpOASES/Header/qpOASES_e/MessageHandling.h:448:32:MessageHandling_getErrorVisibilityStatus	16	static
../Core/Src/qpOASES/Source/../../qpOASES/Header/qpOASES_e/MessageHandling.h:457:32:MessageHandling_getWarningVisibilityStatus	16	static
../Core/Src/qpOASES/Source/../../qpOASES/Header/qpOASES_e/MessageHandling.h:466:32:MessageHandling_getInfoVisibilityStatus	16	static
../Core/Src/qpOASES/Source/../../qpOASES/Header/qpOASES_e/MessageHandling.h:475:21:MessageHandling_getOutputFile	16	static
../Core/Src/qpOASES/Source/../../qpOASES/Header/qpOASES_e/MessageHandling.h:484:19:MessageHandling_getErrorCount	16	static
../Core/Src/qpOASES/Source/../../qpOASES/Header/qpOASES_e/MessageHandling.h:493:20:MessageHandling_setErrorVisibilityStatus	16	static
../Core/Src/qpOASES/Source/../../qpOASES/Header/qpOASES_e/MessageHandling.h:502:20:MessageHandling_setWarningVisibilityStatus	16	static
../Core/Src/qpOASES/Source/../../qpOASES/Header/qpOASES_e/MessageHandling.h:511:20:MessageHandling_setInfoVisibilityStatus	16	static
../Core/Src/qpOASES/Source/../../qpOASES/Header/qpOASES_e/MessageHandling.h:520:20:MessageHandling_setOutputFile	16	static
../Core/Src/qpOASES/Source/../../qpOASES/Header/qpOASES_e/MessageHandling.h:529:27:MessageHandling_setErrorCount	16	static
../Core/Src/qpOASES/Source/../../qpOASES/Header/qpOASES_e/Utils.h:371:27:qpOASES_isEqual	32	static
../Core/Src/qpOASES/Source/../../qpOASES/Header/qpOASES_e/Utils.h:386:27:qpOASES_isZero	24	static
../Core/Src/qpOASES/Source/../../qpOASES/Header/qpOASES_e/Utils.h:400:22:qpOASES_getSign	16	static
../Core/Src/qpOASES/Source/../../qpOASES/Header/qpOASES_e/Utils.h:414:19:qpOASES_getMaxI	16	static
../Core/Src/qpOASES/Source/../../qpOASES/Header/qpOASES_e/Utils.h:425:19:qpOASES_getMinI	16	static
../Core/Src/qpOASES/Source/../../qpOASES/Header/qpOASES_e/Utils.h:436:22:qpOASES_getMax	24	static
../Core/Src/qpOASES/Source/../../qpOASES/Header/qpOASES_e/Utils.h:452:22:qpOASES_getMin	24	static
../Core/Src/qpOASES/Source/../../qpOASES/Header/qpOASES_e/Utils.h:468:22:qpOASES_getAbs	16	static
../Core/Src/qpOASES/Source/../../qpOASES/Header/qpOASES_e/Utils.h:481:22:qpOASES_getSqrt	16	static
../Core/Src/qpOASES/Source/Options.c:50:6:OptionsCON	16	static
../Core/Src/qpOASES/Source/Options.c:64:6:OptionsCPY	16	static
../Core/Src/qpOASES/Source/Options.c:112:13:Options_setToDefault	16	static
../Core/Src/qpOASES/Source/Options.c:193:13:Options_setToReliable	16	static
../Core/Src/qpOASES/Source/Options.c:214:13:Options_setToMPC	16	static
../Core/Src/qpOASES/Source/Options.c:252:13:Options_setToFast	16	static
../Core/Src/qpOASES/Source/Options.c:263:13:Options_ensureConsistency	40	static
../Core/Src/qpOASES/Source/Options.c:406:13:Options_print	24	static
