../Core/Src/qpOASES/Source/../../qpOASES/Header/qpOASES_e/MessageHandling.h:448:32:MessageHandling_getErrorVisibilityStatus	16	static
../Core/Src/qpOASES/Source/../../qpOASES/Header/qpOASES_e/MessageHandling.h:457:32:MessageHandling_getWarningVisibilityStatus	16	static
../Core/Src/qpOASES/Source/../../qpOASES/Header/qpOASES_e/MessageHandling.h:466:32:MessageHandling_getInfoVisibilityStatus	16	static
../Core/Src/qpOASES/Source/../../qpOASES/Header/qpOASES_e/MessageHandling.h:475:21:MessageHandling_getOutputFile	16	static
../Core/Src/qpOASES/Source/../../qpOASES/Header/qpOASES_e/MessageHandling.h:484:19:MessageHandling_getErrorCount	16	static
../Core/Src/qpOASES/Source/../../qpOASES/Header/qpOASES_e/MessageHandling.h:493:20:MessageHandling_setErrorVisibilityStatus	16	static
../Core/Src/qpOASES/Source/../../qpOASES/Header/qpOASES_e/MessageHandling.h:502:20:MessageHandling_setWarningVisibilityStatus	16	static
../Core/Src/qpOASES/Source/../../qpOASES/Header/qpOASES_e/MessageHandling.h:511:20:MessageHandling_setInfoVisibilityStatus	16	static
../Core/Src/qpOASES/Source/../../qpOASES/Header/qpOASES_e/MessageHandling.h:520:20:MessageHandling_setOutputFile	16	static
../Core/Src/qpOASES/Source/../../qpOASES/Header/qpOASES_e/MessageHandling.h:529:27:MessageHandling_setErrorCount	16	static
../Core/Src/qpOASES/Source/../../qpOASES/Header/qpOASES_e/Utils.h:371:27:qpOASES_isEqual	32	static
../Core/Src/qpOASES/Source/../../qpOASES/Header/qpOASES_e/Utils.h:386:27:qpOASES_isZero	24	static
../Core/Src/qpOASES/Source/../../qpOASES/Header/qpOASES_e/Utils.h:400:22:qpOASES_getSign	16	static
../Core/Src/qpOASES/Source/../../qpOASES/Header/qpOASES_e/Utils.h:414:19:qpOASES_getMaxI	16	static
../Core/Src/qpOASES/Source/../../qpOASES/Header/qpOASES_e/Utils.h:425:19:qpOASES_getMinI	16	static
../Core/Src/qpOASES/Source/../../qpOASES/Header/qpOASES_e/Utils.h:436:22:qpOASES_getMax	24	static
../Core/Src/qpOASES/Source/../../qpOASES/Header/qpOASES_e/Utils.h:452:22:qpOASES_getMin	24	static
../Core/Src/qpOASES/Source/../../qpOASES/Header/qpOASES_e/Utils.h:468:22:qpOASES_getAbs	16	static
../Core/Src/qpOASES/Source/../../qpOASES/Header/qpOASES_e/Utils.h:481:22:qpOASES_getSqrt	16	static
../Core/Src/qpOASES/Source/../../qpOASES/Header/qpOASES_e/Indexlist.h:170:19:Indexlist_getNumber	16	static
../Core/Src/qpOASES/Source/../../qpOASES/Header/qpOASES_e/Indexlist.h:183:19:Indexlist_getLength	16	static
../Core/Src/qpOASES/Source/../../qpOASES/Header/qpOASES_e/Indexlist.h:192:19:Indexlist_getLastNumber	16	static
../Core/Src/qpOASES/Source/../../qpOASES/Header/qpOASES_e/Indexlist.h:201:27:Indexlist_isMember	16	static
../Core/Src/qpOASES/Source/../../qpOASES/Header/qpOASES_e/Bounds.h:344:19:Bounds_getNumberOfType	24	static
../Core/Src/qpOASES/Source/../../qpOASES/Header/qpOASES_e/Bounds.h:363:29:Bounds_getType	16	static
../Core/Src/qpOASES/Source/../../qpOASES/Header/qpOASES_e/Bounds.h:375:31:Bounds_getStatus	16	static
../Core/Src/qpOASES/Source/../../qpOASES/Header/qpOASES_e/Bounds.h:387:27:Bounds_setType	40	static
../Core/Src/qpOASES/Source/../../qpOASES/Header/qpOASES_e/Bounds.h:402:27:Bounds_setStatus	40	static
../Core/Src/qpOASES/Source/../../qpOASES/Header/qpOASES_e/Bounds.h:417:20:Bounds_setNoLower	16	static
../Core/Src/qpOASES/Source/../../qpOASES/Header/qpOASES_e/Bounds.h:426:20:Bounds_setNoUpper	16	static
../Core/Src/qpOASES/Source/../../qpOASES/Header/qpOASES_e/Bounds.h:435:27:Bounds_hasNoLower	16	static
../Core/Src/qpOASES/Source/../../qpOASES/Header/qpOASES_e/Bounds.h:444:27:Bounds_hasNoUpper	16	static
../Core/Src/qpOASES/Source/../../qpOASES/Header/qpOASES_e/Bounds.h:454:19:Bounds_getNV	16	static
../Core/Src/qpOASES/Source/../../qpOASES/Header/qpOASES_e/Bounds.h:463:19:Bounds_getNFV	16	static
../Core/Src/qpOASES/Source/../../qpOASES/Header/qpOASES_e/Bounds.h:472:19:Bounds_getNBV	16	static
../Core/Src/qpOASES/Source/../../qpOASES/Header/qpOASES_e/Bounds.h:481:19:Bounds_getNUV	16	static
../Core/Src/qpOASES/Source/../../qpOASES/Header/qpOASES_e/Bounds.h:490:19:Bounds_getNFR	16	static
../Core/Src/qpOASES/Source/../../qpOASES/Header/qpOASES_e/Bounds.h:499:19:Bounds_getNFX	16	static
../Core/Src/qpOASES/Source/../../qpOASES/Header/qpOASES_e/Bounds.h:508:26:Bounds_getFree	16	static
../Core/Src/qpOASES/Source/../../qpOASES/Header/qpOASES_e/Bounds.h:517:26:Bounds_getFixed	16	static
../Core/Src/qpOASES/Source/../../qpOASES/Header/qpOASES_e/Matrices.h:264:23:DenseMatrix_getVal	16	static
../Core/Src/qpOASES/Source/../../qpOASES/Header/qpOASES_e/Constraints.h:334:19:Constraints_getNumberOfType	24	static
../Core/Src/qpOASES/Source/../../qpOASES/Header/qpOASES_e/Constraints.h:353:29:Constraints_getType	16	static
../Core/Src/qpOASES/Source/../../qpOASES/Header/qpOASES_e/Constraints.h:365:31:Constraints_getStatus	16	static
../Core/Src/qpOASES/Source/../../qpOASES/Header/qpOASES_e/Constraints.h:377:27:Constraints_setType	40	static
../Core/Src/qpOASES/Source/../../qpOASES/Header/qpOASES_e/Constraints.h:392:27:Constraints_setStatus	40	static
../Core/Src/qpOASES/Source/../../qpOASES/Header/qpOASES_e/Constraints.h:407:20:Constraints_setNoLower	16	static
../Core/Src/qpOASES/Source/../../qpOASES/Header/qpOASES_e/Constraints.h:416:20:Constraints_setNoUpper	16	static
../Core/Src/qpOASES/Source/../../qpOASES/Header/qpOASES_e/Constraints.h:425:27:Constraints_hasNoLower	16	static
../Core/Src/qpOASES/Source/../../qpOASES/Header/qpOASES_e/Constraints.h:434:27:Constraints_hasNoUpper	16	static
../Core/Src/qpOASES/Source/../../qpOASES/Header/qpOASES_e/Constraints.h:444:19:Constraints_getNC	16	static
../Core/Src/qpOASES/Source/../../qpOASES/Header/qpOASES_e/Constraints.h:453:19:Constraints_getNEC	16	static
../Core/Src/qpOASES/Source/../../qpOASES/Header/qpOASES_e/Constraints.h:462:19:Constraints_getNIC	16	static
../Core/Src/qpOASES/Source/../../qpOASES/Header/qpOASES_e/Constraints.h:471:19:Constraints_getNUC	16	static
../Core/Src/qpOASES/Source/../../qpOASES/Header/qpOASES_e/Constraints.h:480:19:Constraints_getNAC	16	static
../Core/Src/qpOASES/Source/../../qpOASES/Header/qpOASES_e/Constraints.h:489:19:Constraints_getNIAC	16	static
../Core/Src/qpOASES/Source/../../qpOASES/Header/qpOASES_e/Constraints.h:499:26:Constraints_getActive	16	static
../Core/Src/qpOASES/Source/../../qpOASES/Header/qpOASES_e/Constraints.h:508:26:Constraints_getInactive	16	static
../Core/Src/qpOASES/Source/../../qpOASES/Header/qpOASES_e/QProblem.h:1675:27:QProblem_getBounds	40	static
../Core/Src/qpOASES/Source/../../qpOASES/Header/qpOASES_e/QProblem.h:1691:19:QProblem_getNV	16	static
../Core/Src/qpOASES/Source/../../qpOASES/Header/qpOASES_e/QProblem.h:1700:19:QProblem_getNFR	16	static
../Core/Src/qpOASES/Source/../../qpOASES/Header/qpOASES_e/QProblem.h:1709:19:QProblem_getNFX	16	static
../Core/Src/qpOASES/Source/../../qpOASES/Header/qpOASES_e/QProblem.h:1718:19:QProblem_getNFV	16	static
../Core/Src/qpOASES/Source/../../qpOASES/Header/qpOASES_e/QProblem.h:1727:30:QProblem_getStatus	16	static
../Core/Src/qpOASES/Source/../../qpOASES/Header/qpOASES_e/QProblem.h:1736:27:QProblem_isInitialised	16	static
../Core/Src/qpOASES/Source/../../qpOASES/Header/qpOASES_e/QProblem.h:1748:27:QProblem_isSolved	16	static
../Core/Src/qpOASES/Source/../../qpOASES/Header/qpOASES_e/QProblem.h:1760:27:QProblem_isInfeasible	16	static
../Core/Src/qpOASES/Source/../../qpOASES/Header/qpOASES_e/QProblem.h:1769:27:QProblem_isUnbounded	16	static
../Core/Src/qpOASES/Source/../../qpOASES/Header/qpOASES_e/QProblem.h:1778:27:QProblem_getHessianType	16	static
../Core/Src/qpOASES/Source/../../qpOASES/Header/qpOASES_e/QProblem.h:1787:27:QProblem_setHessianType	16	static
../Core/Src/qpOASES/Source/../../qpOASES/Header/qpOASES_e/QProblem.h:1797:27:QProblem_usingRegularisation	16	static
../Core/Src/qpOASES/Source/../../qpOASES/Header/qpOASES_e/QProblem.h:1809:23:QProblem_getOptions	16	static
../Core/Src/qpOASES/Source/../../qpOASES/Header/qpOASES_e/QProblem.h:1818:27:QProblem_setOptions	16	static
../Core/Src/qpOASES/Source/../../qpOASES/Header/qpOASES_e/QProblem.h:1834:26:QProblem_getPrintLevel	16	static
../Core/Src/qpOASES/Source/../../qpOASES/Header/qpOASES_e/QProblem.h:1843:28:QProblem_getCount	16	static
../Core/Src/qpOASES/Source/../../qpOASES/Header/qpOASES_e/QProblem.h:1852:27:QProblem_resetCounter	16	static
../Core/Src/qpOASES/Source/../../qpOASES/Header/qpOASES_e/QProblem.h:1868:27:QProblem_setHM	16	static
../Core/Src/qpOASES/Source/../../qpOASES/Header/qpOASES_e/QProblem.h:1880:27:QProblem_setH	40	static
../Core/Src/qpOASES/Source/../../qpOASES/Header/qpOASES_e/QProblem.h:1905:27:QProblem_setG	40	static
../Core/Src/qpOASES/Source/../../qpOASES/Header/qpOASES_e/QProblem.h:1924:27:QProblem_setLB	48	static
../Core/Src/qpOASES/Source/../../qpOASES/Header/qpOASES_e/QProblem.h:1950:27:QProblem_setLBn	48	static
../Core/Src/qpOASES/Source/../../qpOASES/Header/qpOASES_e/QProblem.h:1972:27:QProblem_setUB	40	static
../Core/Src/qpOASES/Source/../../qpOASES/Header/qpOASES_e/QProblem.h:1998:27:QProblem_setUBn	48	static
../Core/Src/qpOASES/Source/../../qpOASES/Header/qpOASES_e/QProblem.h:2022:27:QProblem_isBlocking	48	static
../Core/Src/qpOASES/Source/../../qpOASES/Header/qpOASES_e/QProblem.h:2044:27:QProblem_getConstraints	40	static
../Core/Src/qpOASES/Source/../../qpOASES/Header/qpOASES_e/QProblem.h:2061:19:QProblem_getNC	16	static
../Core/Src/qpOASES/Source/../../qpOASES/Header/qpOASES_e/QProblem.h:2070:19:QProblem_getNEC	16	static
../Core/Src/qpOASES/Source/../../qpOASES/Header/qpOASES_e/QProblem.h:2079:19:QProblem_getNAC	16	static
../Core/Src/qpOASES/Source/../../qpOASES/Header/qpOASES_e/QProblem.h:2088:19:QProblem_getNIAC	16	static
../Core/Src/qpOASES/Source/../../qpOASES/Header/qpOASES_e/QProblem.h:2103:27:QProblem_setAM	16	static
../Core/Src/qpOASES/Source/../../qpOASES/Header/qpOASES_e/QProblem.h:2115:27:QProblem_setA	64	static
../Core/Src/qpOASES/Source/../../qpOASES/Header/qpOASES_e/QProblem.h:2148:27:QProblem_setLBA	56	static
../Core/Src/qpOASES/Source/../../qpOASES/Header/qpOASES_e/QProblem.h:2175:27:QProblem_setLBAn	48	static
../Core/Src/qpOASES/Source/../../qpOASES/Header/qpOASES_e/QProblem.h:2196:27:QProblem_setUBA	48	static
../Core/Src/qpOASES/Source/../../qpOASES/Header/qpOASES_e/QProblem.h:2223:27:QProblem_setUBAn	48	static
../Core/Src/qpOASES/Source/../../qpOASES/Header/qpOASES_e/QProblemB.h:1156:27:QProblemB_getBounds	40	static
../Core/Src/qpOASES/Source/../../qpOASES/Header/qpOASES_e/QProblemB.h:1172:19:QProblemB_getNV	16	static
../Core/Src/qpOASES/Source/../../qpOASES/Header/qpOASES_e/QProblemB.h:1181:19:QProblemB_getNFR	16	static
../Core/Src/qpOASES/Source/../../qpOASES/Header/qpOASES_e/QProblemB.h:1190:19:QProblemB_getNFX	16	static
../Core/Src/qpOASES/Source/../../qpOASES/Header/qpOASES_e/QProblemB.h:1199:19:QProblemB_getNFV	16	static
../Core/Src/qpOASES/Source/../../qpOASES/Header/qpOASES_e/QProblemB.h:1208:30:QProblemB_getStatus	16	static
../Core/Src/qpOASES/Source/../../qpOASES/Header/qpOASES_e/QProblemB.h:1217:27:QProblemB_isInitialised	16	static
../Core/Src/qpOASES/Source/../../qpOASES/Header/qpOASES_e/QProblemB.h:1229:27:QProblemB_isSolved	16	static
../Core/Src/qpOASES/Source/../../qpOASES/Header/qpOASES_e/QProblemB.h:1241:27:QProblemB_isInfeasible	16	static
../Core/Src/qpOASES/Source/../../qpOASES/Header/qpOASES_e/QProblemB.h:1250:27:QProblemB_isUnbounded	16	static
../Core/Src/qpOASES/Source/../../qpOASES/Header/qpOASES_e/QProblemB.h:1259:27:QProblemB_getHessianType	16	static
../Core/Src/qpOASES/Source/../../qpOASES/Header/qpOASES_e/QProblemB.h:1268:27:QProblemB_setHessianType	16	static
../Core/Src/qpOASES/Source/../../qpOASES/Header/qpOASES_e/QProblemB.h:1278:27:QProblemB_usingRegularisation	16	static
../Core/Src/qpOASES/Source/../../qpOASES/Header/qpOASES_e/QProblemB.h:1290:23:QProblemB_getOptions	16	static
../Core/Src/qpOASES/Source/../../qpOASES/Header/qpOASES_e/QProblemB.h:1299:27:QProblemB_setOptions	16	static
../Core/Src/qpOASES/Source/../../qpOASES/Header/qpOASES_e/QProblemB.h:1315:26:QProblemB_getPrintLevel	16	static
../Core/Src/qpOASES/Source/../../qpOASES/Header/qpOASES_e/QProblemB.h:1325:28:QProblemB_getCount	16	static
../Core/Src/qpOASES/Source/../../qpOASES/Header/qpOASES_e/QProblemB.h:1334:27:QProblemB_resetCounter	16	static
../Core/Src/qpOASES/Source/../../qpOASES/Header/qpOASES_e/QProblemB.h:1350:27:QProblemB_setHM	16	static
../Core/Src/qpOASES/Source/../../qpOASES/Header/qpOASES_e/QProblemB.h:1362:27:QProblemB_setH	40	static
../Core/Src/qpOASES/Source/../../qpOASES/Header/qpOASES_e/QProblemB.h:1387:27:QProblemB_setG	40	static
../Core/Src/qpOASES/Source/../../qpOASES/Header/qpOASES_e/QProblemB.h:1406:27:QProblemB_setLB	48	static
../Core/Src/qpOASES/Source/../../qpOASES/Header/qpOASES_e/QProblemB.h:1432:27:QProblemB_setLBn	48	static
../Core/Src/qpOASES/Source/../../qpOASES/Header/qpOASES_e/QProblemB.h:1454:27:QProblemB_setUB	40	static
../Core/Src/qpOASES/Source/../../qpOASES/Header/qpOASES_e/QProblemB.h:1480:27:QProblemB_setUBn	48	static
../Core/Src/qpOASES/Source/../../qpOASES/Header/qpOASES_e/QProblemB.h:1503:20:QProblemB_computeGivens	104	static
../Core/Src/qpOASES/Source/../../qpOASES/Header/qpOASES_e/QProblemB.h:1541:20:QProblemB_applyGivens	72	static
../Core/Src/qpOASES/Source/../../qpOASES/Header/qpOASES_e/QProblemB.h:1568:27:QProblemB_isBlocking	48	static
../Core/Src/qpOASES/Source/QProblem.c:52:6:QProblemCON	48	static
../Core/Src/qpOASES/Source/QProblem.c:133:6:QProblemCPY	24	static
../Core/Src/qpOASES/Source/QProblem.c:203:13:QProblem_reset	48	static
../Core/Src/qpOASES/Source/QProblem.c:257:13:QProblem_initM	40	static
../Core/Src/qpOASES/Source/QProblem.c:300:13:QProblem_init	40	static
../Core/Src/qpOASES/Source/QProblem.c:328:13:QProblem_initF	40	static
../Core/Src/qpOASES/Source/QProblem.c:356:13:QProblem_initMW	56	static
../Core/Src/qpOASES/Source/QProblem.c:415:13:QProblem_initW	56	static
../Core/Src/qpOASES/Source/QProblem.c:473:13:QProblem_initFW	56	static
../Core/Src/qpOASES/Source/QProblem.c:545:13:QProblem_setupInitialCholesky	32	static
../Core/Src/qpOASES/Source/QProblem.c:579:13:QProblem_hotstart	152	static
../Core/Src/qpOASES/Source/QProblem.c:760:13:QProblem_hotstartF	64	static
../Core/Src/qpOASES/Source/QProblem.c:802:13:QProblem_hotstartW	72	static
../Core/Src/qpOASES/Source/QProblem.c:865:13:QProblem_hotstartFW	64	static
../Core/Src/qpOASES/Source/QProblem.c:911:13:QProblem_solveCurrentEQP	104	static
../Core/Src/qpOASES/Source/QProblem.c:982:13:QProblem_getWorkingSet	40	static
../Core/Src/qpOASES/Source/QProblem.c:1002:13:QProblem_getWorkingSetBounds	24	static
../Core/Src/qpOASES/Source/QProblem.c:1023:13:QProblem_getWorkingSetConstraints	40	static
../Core/Src/qpOASES/Source/QProblem.c:1049:5:QProblem_getNZ	24	static
../Core/Src/qpOASES/Source/QProblem.c:1059:13:QProblem_getDualSolution	32	static
../Core/Src/qpOASES/Source/QProblem.c:1085:13:QProblem_setConstraintProduct	16	static
../Core/Src/qpOASES/Source/QProblem.c:1096:8:QProblem_getObjVal	24	static
../Core/Src/qpOASES/Source/QProblem.c:1120:8:QProblem_getObjValX	48	static
../Core/Src/qpOASES/Source/QProblem.c:1169:13:QProblem_getPrimalSolution	24	static
../Core/Src/qpOASES/Source/QProblem.c:1194:13:QProblem_setPrintLevel	32	static
../Core/Src/qpOASES/Source/QProblem.c:1241:13:QProblem_printOptions	16	static
../Core/Src/qpOASES/Source/QProblem.c:1250:13:QProblem_printProperties	24	static
../Core/Src/qpOASES/Source/QProblem.c:1422:13:QProblem_determineHessianType	64	static
../Core/Src/qpOASES/Source/QProblem.c:1526:13:QProblemBCPY_computeCholesky	80	static
../Core/Src/qpOASES/Source/QProblem.c:1605:13:QProblemBCPY_obtainAuxiliaryWorkingSet	64	static
../Core/Src/qpOASES/Source/QProblem.c:1749:13:QProblem_backsolveR	32	static
../Core/Src/qpOASES/Source/QProblem.c:1761:13:QProblem_backsolveRrem	72	static
../Core/Src/qpOASES/Source/QProblem.c:1819:13:QProblemBCPY_determineDataShift	64	static
../Core/Src/qpOASES/Source/QProblem.c:1882:13:QProblemBCPY_setupQPdataM	32	static
../Core/Src/qpOASES/Source/QProblem.c:1896:13:QProblemBCPY_setupQPdata	40	static
../Core/Src/qpOASES/Source/QProblem.c:1920:13:QProblemBCPY_setupQPdataFromFile	64	static
../Core/Src/qpOASES/Source/QProblem.c:1988:13:QProblemBCPY_loadQPvectorsFromFile	48	static
../Core/Src/qpOASES/Source/QProblem.c:2049:13:QProblem_setInfeasibilityFlag	32	static
../Core/Src/qpOASES/Source/QProblem.c:2065:13:QProblem_isCPUtimeLimitExceeded	48	static
../Core/Src/qpOASES/Source/QProblem.c:2095:13:QProblem_regulariseHessian	40	static
../Core/Src/qpOASES/Source/QProblem.c:2134:13:QProblem_performRatioTestB	64	static
../Core/Src/qpOASES/Source/QProblem.c:2184:8:QProblemBCPY_getRelativeHomotopyLength	64	static
../Core/Src/qpOASES/Source/QProblem.c:2233:13:QProblem_solveInitialQP	80	static
../Core/Src/qpOASES/Source/QProblem.c:2415:13:QProblem_solveQP	112	static
../Core/Src/qpOASES/Source/QProblem.c:2656:13:QProblem_solveRegularisedQP	96	static
../Core/Src/qpOASES/Source/QProblem.c:2761:13:QProblem_setupSubjectToType	24	static
../Core/Src/qpOASES/Source/QProblem.c:2770:13:QProblem_setupSubjectToTypeNew	56	static
../Core/Src/qpOASES/Source/QProblem.c:2924:13:QProblem_computeProjectedCholesky	88	static
../Core/Src/qpOASES/Source/QProblem.c:3018:13:QProblem_setupTQfactorisation	32	static
../Core/Src/qpOASES/Source/QProblem.c:3047:13:QProblem_obtainAuxiliaryWorkingSet	64	static
../Core/Src/qpOASES/Source/QProblem.c:3199:13:QProblem_setupAuxiliaryWorkingSet	80	static
../Core/Src/qpOASES/Source/QProblem.c:3393:13:QProblem_setupAuxiliaryQPsolution	48	static
../Core/Src/qpOASES/Source/QProblem.c:3451:13:QProblem_setupAuxiliaryQPgradient	48	static
../Core/Src/qpOASES/Source/QProblem.c:3496:13:QProblem_setupAuxiliaryQPbounds	56	static
../Core/Src/qpOASES/Source/QProblem.c:3648:13:QProblem_addConstraint	128	static
../Core/Src/qpOASES/Source/QProblem.c:3812:13:QProblem_addConstraint_checkLI	184	static
../Core/Src/qpOASES/Source/QProblem.c:3934:13:QProblem_addConstraint_ensureLI	136	static
../Core/Src/qpOASES/Source/QProblem.c:4116:13:QProblem_addBound	112	static
../Core/Src/qpOASES/Source/QProblem.c:4292:13:QProblem_addBound_checkLI	144	static
../Core/Src/qpOASES/Source/QProblem.c:4397:13:QProblem_addBound_ensureLI	128	static
../Core/Src/qpOASES/Source/QProblem.c:4574:13:QProblem_removeConstraint	168	static
../Core/Src/qpOASES/Source/QProblem.c:4805:13:QProblem_removeBound	176	static
../Core/Src/qpOASES/Source/QProblem.c:5036:13:QProblem_performPlainRatioTest	48	static
../Core/Src/qpOASES/Source/QProblem.c:5059:13:QProblem_ensureNonzeroCurvature	240	static
../Core/Src/qpOASES/Source/QProblem.c:5289:13:QProblem_backsolveT	72	static
../Core/Src/qpOASES/Source/QProblem.c:5342:13:QProblem_determineDataShift	80	static
../Core/Src/qpOASES/Source/QProblem.c:5406:13:QProblem_determineStepDirection	128	static
../Core/Src/qpOASES/Source/QProblem.c:5750:13:QProblem_performStep	136	static
../Core/Src/qpOASES/Source/QProblem.c:6064:13:QProblem_changeActiveSet	48	static
../Core/Src/qpOASES/Source/QProblem.c:6151:8:QProblem_getRelativeHomotopyLength	64	static
../Core/Src/qpOASES/Source/QProblem.c:6194:13:QProblem_updateFarBounds	112	static
../Core/Src/qpOASES/Source/QProblem.c:6254:13:QProblemBCPY_updateFarBounds	96	static
../Core/Src/qpOASES/Source/QProblem.c:6305:13:QProblem_performRamping	112	static
../Core/Src/qpOASES/Source/QProblem.c:6388:13:QProblem_performRatioTestC	64	static
../Core/Src/qpOASES/Source/QProblem.c:6438:13:QProblem_performDriftCorrection	40	static
../Core/Src/qpOASES/Source/QProblem.c:6537:13:QProblem_setupAuxiliaryQP	56	static
../Core/Src/qpOASES/Source/QProblem.c:6626:13:QProblem_shallRefactorise	56	static
../Core/Src/qpOASES/Source/QProblem.c:6665:13:QProblem_setupQPdataM	48	static
../Core/Src/qpOASES/Source/QProblem.c:6691:13:QProblem_setupQPdata	48	static
../Core/Src/qpOASES/Source/QProblem.c:6727:13:QProblem_setupQPdataFromFile	64	static
../Core/Src/qpOASES/Source/QProblem.c:6794:13:QProblem_loadQPvectorsFromFile	48	static
../Core/Src/qpOASES/Source/QProblem.c:6853:13:QProblem_printIteration	216	static
../Core/Src/qpOASES/Source/QProblem.c:7101:13:QProblem_areBoundsConsistent	40	static
../Core/Src/qpOASES/Source/QProblem.c:7132:13:QProblem_dropInfeasibles	72	static
